../Core/Src/main.c:87:6:SPI1_Send	16	static
../Core/Src/main.c:90:6:SPI1_Recv	16	static
../Core/Src/main.c:93:6:w25_Reset	8	static
../Core/Src/main.c:101:6:w25_Read_Data	24	static
../Core/Src/main.c:110:10:w25_Read_ID	16	static
../Core/Src/main.c:119:6:w25_Init	16	static
../Core/Src/main.c:205:5:main	8	static
../Core/Src/main.c:249:6:SystemClock_Config	72	static
../Core/Src/main.c:289:13:MX_SPI1_Init	8	static
../Core/Src/main.c:327:13:MX_USART1_UART_Init	8	static
../Core/Src/main.c:360:13:MX_GPIO_Init	32	static
../Core/Src/main.c:388:6:Error_Handler	4	static,ignoring_inline_asm
